[2026-03-23 11:47:31,282][__main__][INFO] - ============================================================
[2026-03-23 11:47:31,283][__main__][INFO] - OpenTinker Job Scheduler
[2026-03-23 11:47:31,283][__main__][INFO] - ============================================================
[2026-03-23 11:47:31,283][__main__][INFO] - Initializing Ray...
2026-03-23 11:47:46,041	INFO worker.py:2004 -- Started a local Ray instance. View the dashboard at [1m[32mhttp://127.0.0.1:8265 [39m[22m
/inspire/hdd/project/qproject-fundationmodel/public/wxxu/miniconda3/envs/opentinker/lib/python3.11/site-packages/ray/_private/worker.py:2052: FutureWarning: Tip: In future versions of Ray, Ray will no longer override accelerator visible devices env var if num_gpus=0 or num_gpus=None (default). To enable this behavior and turn off this error message, set RAY_ACCEL_ENV_VAR_OVERRIDE_ON_ZERO=0
  warnings.warn(
[2026-03-23 11:47:48,922][__main__][INFO] - Ray initialized successfully
[2026-03-23 11:47:48,923][__main__][INFO] - Port range not specified, will auto-detect 50 available ports
[2026-03-23 11:47:48,923][__main__][INFO] - Available GPUs: [0, 1, 2, 3, 4, 5, 6, 7]
[2026-03-23 11:47:48,923][__main__][INFO] - GPUs per job: 4
[2026-03-23 11:47:48,923][__main__][INFO] - Scheduler port: 8780
[2026-03-23 11:47:48,923][__main__][INFO] - Authentication: disabled
[2026-03-23 11:47:48,923][__main__][INFO] - User database: scheduler_users.db
[2026-03-23 11:47:48,923][__main__][INFO] - Server script: /inspire/hdd/project/qproject-fundationmodel/public/wxxu/OpenTinker/opentinker/server/launch_http_server.py
[2026-03-23 11:47:48,923][__main__][INFO] - Base directory: /inspire/hdd/project/qproject-fundationmodel/public/wxxu/OpenTinker
[2026-03-23 11:47:48,923][__main__][INFO] - Initializing user management...
[2026-03-23 11:47:48,940][user_management][INFO] - Database initialized
[2026-03-23 11:47:48,940][user_management][INFO] - UserManager initialized with database: scheduler_users.db
[2026-03-23 11:47:48,940][user_management][INFO] - Admin user 'admin' already exists
[2026-03-23 11:47:48,940][__main__][INFO] - Job logs directory: ./scheduler_logs
[2026-03-23 11:47:48,940][__main__][INFO] - Creating scheduler actor...
[2026-03-23 11:47:49,633][__main__][INFO] - Scheduler actor created
[2026-03-23 11:47:49,642][__main__][INFO] - ============================================================
[2026-03-23 11:47:49,642][__main__][INFO] - Starting scheduler server on port 8780
[2026-03-23 11:47:49,642][__main__][INFO] - Access API docs at: http://localhost:8780/docs
[2026-03-23 11:47:49,642][__main__][INFO] - Authentication is DISABLED. No API key required
[2026-03-23 11:47:49,642][__main__][INFO] - ============================================================
INFO:     Started server process [21604]
INFO:     Waiting for application startup.
INFO:     Application startup complete.
INFO:     Uvicorn running on http://0.0.0.0:8780 (Press CTRL+C to quit)
[36m(JobSchedulerActor pid=23759)[0m 2026-03-23 11:47:49,995 - job_scheduler - INFO - Job logs will be stored in: scheduler_logs
[36m(JobSchedulerActor pid=23759)[0m 2026-03-23 11:47:49,995 - job_scheduler - INFO - ============================================================
[36m(JobSchedulerActor pid=23759)[0m 2026-03-23 11:47:49,995 - job_scheduler - INFO - 🔍 Detecting GPU topology...
[36m(JobSchedulerActor pid=23759)[0m 2026-03-23 11:47:50,692 - job_scheduler - INFO - Detected 1 GPUs from topology: [0]
[36m(JobSchedulerActor pid=23759)[0m 2026-03-23 11:47:50,692 - job_scheduler - INFO - Detected 2 GPU topology groups:
[36m(JobSchedulerActor pid=23759)[0m 2026-03-23 11:47:50,692 - job_scheduler - INFO -   Group 0: GPUs [1, 2, 3] (NUMA node 0)
[36m(JobSchedulerActor pid=23759)[0m 2026-03-23 11:47:50,692 - job_scheduler - INFO -   Group 1: GPUs [4, 5, 6, 7] (NUMA node 1)
[36m(JobSchedulerActor pid=23759)[0m 2026-03-23 11:47:50,692 - job_scheduler - INFO - ✅ GPU Topology Detection: SUCCESS
[36m(JobSchedulerActor pid=23759)[0m 2026-03-23 11:47:50,692 - job_scheduler - INFO -    Using topology-aware GPU allocation with 2 NUMA groups:
[36m(JobSchedulerActor pid=23759)[0m 2026-03-23 11:47:50,692 - job_scheduler - INFO -    - Group 0: GPUs [1, 2, 3]
[36m(JobSchedulerActor pid=23759)[0m 2026-03-23 11:47:50,692 - job_scheduler - INFO -    - Group 1: GPUs [4, 5, 6, 7]
[36m(JobSchedulerActor pid=23759)[0m 2026-03-23 11:47:50,692 - job_scheduler - INFO -    Multi-GPU jobs will prefer GPUs from the same group for better performance
[36m(JobSchedulerActor pid=23759)[0m 2026-03-23 11:47:50,692 - job_scheduler - INFO - ============================================================
[36m(JobSchedulerActor pid=23759)[0m 2026-03-23 11:47:50,692 - job_scheduler - INFO - Auto-detecting 50 available ports...
[36m(JobSchedulerActor pid=23759)[0m 2026-03-23 11:47:50,692 - job_scheduler - INFO - Auto-detected 50 available ports
[36m(JobSchedulerActor pid=23759)[0m 2026-03-23 11:47:50,692 - job_scheduler - INFO - JobSchedulerActor initialized with GPUs: [0, 1, 2, 3, 4, 5, 6, 7]
[36m(JobSchedulerActor pid=23759)[0m 2026-03-23 11:47:50,692 - job_scheduler - INFO - GPUs per job: 4
[36m(JobSchedulerActor pid=23759)[0m 2026-03-23 11:47:50,692 - job_scheduler - INFO - Available ports: [38000, 38001, 38002, 38003, 38004]...[38045, 38046, 38048, 38049, 38050]
[2026-03-23 11:48:51,389][__main__][INFO] - 
============================================================
[2026-03-23 11:48:51,395][__main__][INFO] - ⚠️ Received SIGTERM. Initiating graceful shutdown
[2026-03-23 11:48:51,395][__main__][INFO] - ============================================================

INFO:     Shutting down
INFO:     Waiting for application shutdown.
INFO:     Application shutdown complete.
INFO:     Finished server process [21604]
[2026-03-23 11:48:51,545][__main__][INFO] - 
============================================================
[2026-03-23 11:48:51,545][__main__][INFO] - 🧹 Cleaning up scheduler resources...
[2026-03-23 11:48:51,545][__main__][INFO] - ============================================================
[2026-03-23 11:48:51,545][__main__][INFO] - Shutting down scheduler actor...
[2026-03-23 11:48:51,545][__main__][INFO] - ✓ Scheduler actor kill signal sent
[2026-03-23 11:48:51,545][__main__][INFO] - Shutting down Ray...
